
> ***@0.1.0 test
> jest __tests__/api/auth.test.js

[dotenv@17.2.3] injecting env (5) from .env.test -- tip: Γ£à audit secrets and track compliance: https://dotenvx.com/ops
node.exe : FAIL __tests__/api/auth.test.js
At line:1 char:1
+ & "C:\Program Files\nodejs/node.exe" 
"C:\Program Files\nodejs/node_mo ...
+ ~~~~~~~~~~~~~~~~~~~~~~~~~~~~~~~~~~~~~~~~~~~~~~~~
~~~~~~~~~~~~~~~~~~~~~
    + CategoryInfo          : NotSpecified: (FAIL 
    __tests__/api/auth.test.js:String) [], Remot  
  eException
    + FullyQualifiedErrorId : NativeCommandError
 
  Authentication API Routes
    POST /api/auth/register
      ├ù should register a new user successfully 
(5 ms)
      ├ù should return error for duplicate email 
(1 ms)
      ΓêÜ should return error for invalid email 
format (1 ms)
      ΓêÜ should return error for missing fields 
(1 ms)
    POST /api/auth/login
      ΓêÜ should login with valid credentials (2 
ms)
      ΓêÜ should return error for invalid 
credentials (2 ms)
      ΓêÜ should return error for non-existent 
user (1 ms)
      ΓêÜ should return error for missing fields

  ΓùÅ Authentication API Routes ΓÇ║ POST 
/api/auth/register ΓÇ║ should register a new user 
successfully

    expect(received).toBe(expected) // Object.is 
equality

    Expected: 201
    Received: 400

    [0m [90m 70 |[39m       [36mconst[39m 
data [33m=[39m [36mawait[39m 
response[33m.[39mjson()[33m;[39m
     [90m 71 |[39m
    [31m[1m>[22m[39m[90m 72 |[39m       expe
ct(response[33m.[39mstatus)[33m.[39mtoBe([35m
201[39m)[33m;[39m
     [90m    |[39m                              
 [31m[1m^[22m[39m
     [90m 73 |[39m       expect(data[33m.[39ms
uccess)[33m.[39mtoBe([36mtrue[39m)[33m;[39m
     [90m 74 |[39m       expect(data[33m.[39md
ata[33m.[39memail)[33m.[39mtoBe([32m'test@exa
mple.com'[39m)[33m;[39m
     [90m 75 |[39m       expect(bcrypt[33m.[39
mhash)[33m.[39mtoHaveBeenCalledWith([32m'passwo
rd123'[39m[33m,[39m 
[32m'salt'[39m)[33m;[39m[0m

      at Object.toBe 
(__tests__/api/auth.test.js:72:31)

  ΓùÅ Authentication API Routes ΓÇ║ POST 
/api/auth/register ΓÇ║ should return error for 
duplicate email

    expect(received).toBe(expected) // Object.is 
equality

    Expected: 409
    Received: 400

    [0m [90m 94 |[39m       [36mconst[39m 
data [33m=[39m [36mawait[39m 
response[33m.[39mjson()[33m;[39m
     [90m 95 |[39m
    [31m[1m>[22m[39m[90m 96 |[39m       expe
ct(response[33m.[39mstatus)[33m.[39mtoBe([35m
409[39m)[33m;[39m
     [90m    |[39m                              
 [31m[1m^[22m[39m
     [90m 97 |[39m       expect(data[33m.[39ms
uccess)[33m.[39mtoBe([36mfalse[39m)[33m;[39m
     [90m 98 |[39m       expect(data[33m.[39me
rror)[33m.[39mtoContain([32m'already 
exists'[39m)[33m;[39m
     [90m 99 |[39m     })[33m;[39m[0m

      at Object.toBe 
(__tests__/api/auth.test.js:96:31)

Test Suites: 1 failed, 1 total
Tests:       2 failed, 6 passed, 8 total
Snapshots:   0 total
Time:        1.683 s
Ran all test suites matching 
__tests__/api/auth.test.js.
